// Jest Snapshot v1, https://goo.gl/fbAQLP

exports[`renders Calculator correctly 1`] = `
<div>
  <div>
    <div
      class="container"
    >
      <div
        class="math-content content"
      >
        <h2>
          Let's do some math!
        </h2>
      </div>
      <div
        class="calc"
      >
        <div
          class="screen"
        >
          <p>
            0
          </p>
        </div>
        <div
          class="row-1"
        >
          <div>
            <button
              class="btn"
              id="ac"
              type="submit"
            >
              AC
            </button>
          </div>
          <div>
            <button
              class="btn"
              id="addsub"
              type="submit"
            >
              +/-
            </button>
          </div>
          <div>
            <button
              class="btn"
              id="mod"
              type="submit"
            >
              %
            </button>
          </div>
          <div>
            <button
              class="btn btn-orange"
              id="div"
              type="submit"
            >
              รท
            </button>
          </div>
        </div>
        <div
          class="row-2"
        >
          <div>
            <button
              class="btn"
              id="seven"
              type="submit"
            >
              7
            </button>
          </div>
          <div>
            <button
              class="btn"
              id="eight"
              type="submit"
            >
              8
            </button>
          </div>
          <div>
            <button
              class="btn"
              id="nine"
              type="submit"
            >
              9
            </button>
          </div>
          <div>
            <button
              class="btn btn-orange"
              id="mul"
              type="submit"
            >
              x
            </button>
          </div>
        </div>
        <div
          class="row-3"
        >
          <div>
            <button
              class="btn"
              id="four"
              type="submit"
            >
              4
            </button>
          </div>
          <div>
            <button
              class="btn"
              id="five"
              type="submit"
            >
              5
            </button>
          </div>
          <div>
            <button
              class="btn"
              id="six"
              type="submit"
            >
              6
            </button>
          </div>
          <div>
            <button
              class="btn btn-orange"
              id="min"
              type="submit"
            >
              -
            </button>
          </div>
        </div>
        <div
          class="row-4"
        >
          <div>
            <button
              class="btn"
              id="one"
              type="submit"
            >
              1
            </button>
          </div>
          <div>
            <button
              class="btn"
              id="two"
              type="submit"
            >
              2
            </button>
          </div>
          <div>
            <button
              class="btn"
              id="three"
              type="submit"
            >
              3
            </button>
          </div>
          <div>
            <button
              class="btn btn-orange"
              id="add"
              type="submit"
            >
              +
            </button>
          </div>
        </div>
        <div
          class="row-5"
        >
          <div>
            <button
              class="btn"
              id="zero"
              type="submit"
            >
              0
            </button>
          </div>
          <div>
            <button
              class="btn"
              id="point"
              type="submit"
            >
              .
            </button>
          </div>
          <div>
            <button
              class="btn btn-orange"
              id="equal"
              type="submit"
            >
              =
            </button>
          </div>
        </div>
      </div>
    </div>
  </div>
</div>
`;
